2026-09-04T23:38:03.725Z GET /api/health 200
2026-09-04T23:42:58.940Z GET /api/health 200
2026-09-04T23:48:03.601Z GET /api/health 304
2026-09-05T00:38:06.510Z GET /api/health 200
2026-09-05T00:38:23.479Z GET /api/health 200
2026-09-05T04:24:48.743Z GET /api/health 304
2026-09-05T05:09:09.716Z GET /api/workdays/current 304
2026-09-05T05:09:10.477Z GET /api/sync/pull?since=2026-09-05T02%3A21%3A05.209Z 200
2026-09-05T05:09:13.110Z GET /api/workdays/current 304
2026-09-05T05:09:13.496Z GET /api/sync/pull?since=2026-09-05T02%3A21%3A05.209Z 200
2026-09-05T05:09:32.298Z GET /api/workdays/current 304
2026-09-05T05:09:32.655Z GET /api/sync/pull?since=2026-09-05T02%3A21%3A05.209Z 200
2026-09-05T05:09:53.557Z GET /api/workdays/current 304
2026-09-05T05:09:53.954Z GET /api/sync/pull?since=2026-09-05T02%3A21%3A05.209Z 200
2026-09-05T05:10:32.182Z GET /api/workdays/current 304
2026-09-05T05:10:32.708Z GET /api/sync/pull?since=2026-09-05T02%3A21%3A05.209Z 200
2026-09-05T05:10:41.774Z GET /api/workdays/current 304
2026-09-05T05:10:42.424Z GET /api/sync/pull?since=2026-09-05T02%3A21%3A05.209Z 200
2026-09-05T05:10:42.998Z GET /api/clients 200
2026-09-05T05:10:43.014Z GET /api/catalog/products 200
2026-09-05T05:10:43.866Z POST /api/clients 201
2026-09-05T05:10:44.465Z POST /api/clients 201
2026-09-05T05:10:44.988Z POST /api/clients 201
2026-09-05T05:10:45.516Z POST /api/clients 201
2026-09-05T05:10:46.039Z POST /api/clients 201
2026-09-05T05:10:46.477Z POST /api/catalog/products 409
2026-09-05T05:10:46.690Z POST /api/catalog/products 400
2026-09-05T05:10:47.417Z POST /api/catalog/products 201
2026-09-05T05:10:48.079Z POST /api/catalog/products 201
2026-09-05T05:10:48.962Z POST /api/catalog/products 201
2026-09-05T05:10:50.028Z POST /api/catalog/products 201
2026-09-05T05:10:51.156Z POST /api/catalog/products 201
2026-09-05T05:10:53.725Z GET /api/workdays/current 304
2026-09-05T05:10:54.067Z GET /api/sync/pull?since=2026-09-05T05%3A10%3A42.423Z 200
2026-09-05T05:10:54.698Z GET /api/clients 200
2026-09-05T05:10:54.803Z GET /api/catalog/products 200
2026-09-05T05:10:55.172Z POST /api/catalog/products 409
2026-09-05T05:10:55.391Z POST /api/catalog/products 400
2026-09-05T05:11:03.167Z GET /api/workdays/current 304
2026-09-05T05:11:03.508Z GET /api/sync/pull?since=2026-09-05T05%3A10%3A54.066Z 200
2026-09-05T05:11:04.000Z GET /api/clients 304
2026-09-05T05:11:04.052Z GET /api/catalog/products 200
2026-09-05T05:11:04.436Z POST /api/catalog/products 409
2026-09-05T05:11:04.669Z POST /api/catalog/products 400
2026-09-05T05:11:05.612Z GET /api/workdays/current 304
2026-09-05T05:11:06.415Z GET /api/sync/pull?since=2026-09-05T05%3A11%3A03.508Z 200
2026-09-05T05:11:06.967Z GET /api/clients 304
2026-09-05T05:11:07.051Z GET /api/catalog/products 200
2026-09-05T05:11:07.414Z POST /api/catalog/products 409
2026-09-05T05:11:07.637Z POST /api/catalog/products 400
2026-09-05T05:11:32.979Z GET /api/workdays/current 304
2026-09-05T05:11:33.506Z GET /api/sync/pull?since=1970-01-01T00%3A00%3A00.000Z 200
2026-09-05T05:11:34.363Z GET /api/catalog/products 200
2026-09-05T05:11:34.365Z GET /api/clients 304
2026-09-05T05:11:37.805Z GET /api/workdays/current 304
2026-09-05T05:11:38.129Z GET /api/sync/pull?since=2026-09-05T05%3A11%3A33.505Z 200
2026-09-05T05:11:38.613Z GET /api/clients 304
2026-09-05T05:11:38.703Z GET /api/catalog/products 304
2026-09-05T05:12:03.117Z GET /api/workdays/current 304
2026-09-05T05:12:03.703Z GET /api/sync/pull?since=2026-09-05T05%3A11%3A38.129Z 200
2026-09-05T05:12:04.205Z GET /api/clients 304
2026-09-05T05:12:04.258Z GET /api/catalog/products 304
2026-09-05T05:12:21.241Z GET /api/workdays/current 304
2026-09-05T05:12:21.755Z GET /api/sync/pull?since=2026-09-05T05%3A12%3A03.702Z 200
2026-09-05T05:12:22.291Z GET /api/clients 304
2026-09-05T05:12:22.379Z GET /api/catalog/products 304
2026-09-05T05:12:25.060Z POST /api/orders 201
2026-09-05T05:12:30.033Z GET /api/workdays/current 200
2026-09-05T05:12:30.425Z GET /api/sync/pull?since=2026-09-05T05%3A12%3A21.754Z 200
2026-09-05T05:12:30.914Z GET /api/clients 304
2026-09-05T05:12:31.001Z GET /api/catalog/products 304
2026-09-05T05:12:49.764Z GET /api/workdays/current 304
2026-09-05T05:12:50.116Z GET /api/sync/pull?since=2026-09-05T05%3A12%3A30.424Z 200
2026-09-05T05:12:51.001Z GET /api/clients 304
2026-09-05T05:12:51.003Z GET /api/catalog/products 304
2026-09-05T05:12:53.708Z POST /api/orders 201
2026-09-05T05:13:03.540Z GET /api/workdays/current 200
2026-09-05T05:13:04.017Z GET /api/sync/pull?since=2026-09-05T05%3A12%3A50.115Z 200
2026-09-05T05:13:04.488Z GET /api/clients 304
2026-09-05T05:13:04.580Z GET /api/catalog/products 304
2026-09-05T05:13:22.096Z GET /api/workdays/current 304
2026-09-05T05:13:22.438Z GET /api/sync/pull?since=2026-09-05T05%3A13%3A04.016Z 200
2026-09-05T05:13:22.931Z GET /api/catalog/products 304
2026-09-05T05:13:22.977Z GET /api/clients 304
2026-09-05T05:13:23.555Z POST /api/clients 201
2026-09-05T05:13:25.254Z POST /api/orders 201
2026-09-05T05:13:34.556Z GET /api/workdays/current 200
2026-09-05T05:13:34.909Z GET /api/sync/pull?since=2026-09-05T05%3A13%3A22.438Z 200
2026-09-05T05:13:35.377Z GET /api/clients 200
2026-09-05T05:13:35.475Z GET /api/catalog/products 304
2026-09-05T05:13:36.546Z POST /api/workdays/28745626-0dd4-4dce-b908-c9b20d65968c/close 200
2026-09-05T05:13:40.585Z GET /api/workdays/current 200
2026-09-05T05:13:40.991Z GET /api/sync/pull?since=2026-09-05T05%3A13%3A34.908Z 200
2026-09-05T05:13:41.452Z GET /api/clients 304
2026-09-05T05:13:41.516Z GET /api/catalog/products 304
2026-09-05T05:14:03.117Z GET /api/workdays/current 304
2026-09-05T05:14:03.483Z GET /api/sync/pull?since=2026-09-05T05%3A13%3A40.990Z 200
2026-09-05T05:14:03.964Z GET /api/clients 304
2026-09-05T05:14:04.050Z GET /api/catalog/products 304
2026-09-05T05:14:16.630Z GET /api/reports/28745626-0dd4-4dce-b908-c9b20d65968c/boletas_clientes.pdf?access_token=eyJhbGciOiJSUzI1NiIsImtpZCI6IjI0N2Y4MDYwMDM5YjVmNDBkOTQ5NjkzOGJiMTg5NzA2ZWY4ODkzM2QiLCJ0eXAiOiJKV1QifQ.eyJuYW1lIjoiUHJldmVudGlzdGEgRGVtbyIsImlzcyI6Imh0dHBzOi8vc2VjdXJldG9rZW4uZ29vZ2xlLmNvbS9wcmV2ZW50YXNkYXZpZCIsImF1ZCI6InByZXZlbnRhc2RhdmlkIiwiYXV0aF90aW1lIjoxNzg4NTg0NjQwLCJ1c2VyX2lkIjoiMWpZb3ZodDdOT1dJVkluWGVNdTNPaEZYYUJzMiIsInN1YiI6IjFqWW92aHQ3Tk9XSVZJblhlTXUzT2hGWGFCczIiLCJpYXQiOjE3ODg1ODQ2NDAsImV4cCI6MTc4ODU4ODI0MCwiZW1haWwiOiJwdjAwMUBwcmV2ZW50YXByby5sb2NhbCIsImVtYWlsX3ZlcmlmaWVkIjpmYWxzZSwiZmlyZWJhc2UiOnsiaWRlbnRpdGllcyI6eyJlbWFpbCI6WyJwdjAwMUBwcmV2ZW50YXByby5sb2NhbCJdfSwic2lnbl9pbl9wcm92aWRlciI6InBhc3N3b3JkIn19.vGTLQE4ZItyPgFOu4H31vJLj0Mm_AOb9UuSgaS1h21exl8KxlvEUKfNKMmtInW42TOTsjqMZe7vr1izBMYCMEizb3pF5BSlrjjK-G3FcL3SSYjOhkQMjEeuudtqMZ7hS_fmpTHhnV2tQ1hVbA50RHajduetTlt7vfnrA2m4PVQzRLDHUSI3iwfZpBqfyRb7vmUtkfxAkPm2Bm5LJDqUN1XQnVO9ec5ks1URLVsHnhB2vGrs4okwVR4KzZsjLsd-KMDluS7UDBGye_lrkjmDi8kAzOE0UUWAWzdfQoE2jiWCpumW4SG9eRFX2asOEqVR7UzlmefGTyVgLBd09F8pKJg 200
2026-09-05T05:16:01.574Z GET /api/workdays/current 304
2026-09-05T05:16:01.978Z GET /api/sync/pull?since=2026-09-05T05%3A14%3A03.483Z 200
2026-09-05T05:16:02.520Z GET /api/catalog/products 304
2026-09-05T05:16:02.531Z GET /api/clients 304
2026-09-05T05:16:08.007Z GET /api/reports/28745626-0dd4-4dce-b908-c9b20d65968c/resumen_clientes.xlsx?access_token=eyJhbGciOiJSUzI1NiIsImtpZCI6IjI0N2Y4MDYwMDM5YjVmNDBkOTQ5NjkzOGJiMTg5NzA2ZWY4ODkzM2QiLCJ0eXAiOiJKV1QifQ.eyJuYW1lIjoiUHJldmVudGlzdGEgRGVtbyIsImlzcyI6Imh0dHBzOi8vc2VjdXJldG9rZW4uZ29vZ2xlLmNvbS9wcmV2ZW50YXNkYXZpZCIsImF1ZCI6InByZXZlbnRhc2RhdmlkIiwiYXV0aF90aW1lIjoxNzg4NTg0NjQwLCJ1c2VyX2lkIjoiMWpZb3ZodDdOT1dJVkluWGVNdTNPaEZYYUJzMiIsInN1YiI6IjFqWW92aHQ3Tk9XSVZJblhlTXUzT2hGWGFCczIiLCJpYXQiOjE3ODg1ODQ2NDAsImV4cCI6MTc4ODU4ODI0MCwiZW1haWwiOiJwdjAwMUBwcmV2ZW50YXByby5sb2NhbCIsImVtYWlsX3ZlcmlmaWVkIjpmYWxzZSwiZmlyZWJhc2UiOnsiaWRlbnRpdGllcyI6eyJlbWFpbCI6WyJwdjAwMUBwcmV2ZW50YXByby5sb2NhbCJdfSwic2lnbl9pbl9wcm92aWRlciI6InBhc3N3b3JkIn19.vGTLQE4ZItyPgFOu4H31vJLj0Mm_AOb9UuSgaS1h21exl8KxlvEUKfNKMmtInW42TOTsjqMZe7vr1izBMYCMEizb3pF5BSlrjjK-G3FcL3SSYjOhkQMjEeuudtqMZ7hS_fmpTHhnV2tQ1hVbA50RHajduetTlt7vfnrA2m4PVQzRLDHUSI3iwfZpBqfyRb7vmUtkfxAkPm2Bm5LJDqUN1XQnVO9ec5ks1URLVsHnhB2vGrs4okwVR4KzZsjLsd-KMDluS7UDBGye_lrkjmDi8kAzOE0UUWAWzdfQoE2jiWCpumW4SG9eRFX2asOEqVR7UzlmefGTyVgLBd09F8pKJg 200
2026-09-05T05:16:56.888Z GET /api/workdays/current 304
2026-09-05T05:16:57.326Z GET /api/sync/pull?since=2026-09-05T05%3A16%3A01.977Z 200
2026-09-05T05:16:57.836Z GET /api/clients 304
2026-09-05T05:16:57.889Z GET /api/catalog/products 304
2026-09-05T05:17:56.149Z GET /api/workdays/current 304
2026-09-05T05:17:56.560Z GET /api/sync/pull?since=2026-09-05T05%3A16%3A57.326Z 200
2026-09-05T05:17:57.066Z GET /api/catalog/products 304
2026-09-05T05:17:57.108Z GET /api/clients 304
2026-09-05T05:17:57.658Z DELETE /api/clients/6f79741e-7be9-4702-bc97-51dcbf272f13 200
2026-09-05T05:18:56.199Z GET /api/workdays/current 304
2026-09-05T05:18:56.706Z GET /api/sync/pull?since=2026-09-05T05%3A17%3A56.559Z 200
2026-09-05T05:18:57.204Z GET /api/clients 200
2026-09-05T05:18:57.312Z GET /api/catalog/products 304
2026-09-05T05:19:56.301Z GET /api/workdays/current 304
2026-09-05T05:19:56.725Z GET /api/sync/pull?since=2026-09-05T05%3A18%3A56.706Z 200
2026-09-05T05:19:57.200Z GET /api/clients 304
2026-09-05T05:19:57.277Z GET /api/catalog/products 304
2026-09-05T05:20:56.159Z GET /api/workdays/current 304
2026-09-05T05:20:56.751Z GET /api/sync/pull?since=2026-09-05T05%3A19%3A56.724Z 200
2026-09-05T05:20:57.273Z GET /api/catalog/products 304
2026-09-05T05:20:57.304Z GET /api/clients 304
2026-09-05T05:21:56.332Z GET /api/workdays/current 304
2026-09-05T05:21:56.706Z GET /api/sync/pull?since=2026-09-05T05%3A20%3A56.750Z 200
2026-09-05T05:21:57.159Z GET /api/clients 304
2026-09-05T05:21:57.262Z GET /api/catalog/products 304
2026-09-05T05:22:56.197Z GET /api/workdays/current 304
2026-09-05T05:22:56.593Z GET /api/sync/pull?since=2026-09-05T05%3A21%3A56.705Z 200
2026-09-05T05:22:57.063Z GET /api/clients 304
2026-09-05T05:22:57.175Z GET /api/catalog/products 304
2026-09-05T05:23:56.687Z GET /api/workdays/current 304
2026-09-05T05:23:57.775Z GET /api/sync/pull?since=2026-09-05T05%3A22%3A56.592Z 200
2026-09-05T05:23:58.580Z GET /api/catalog/products 304
2026-09-05T05:23:58.582Z GET /api/clients 304
2026-09-05T05:24:56.260Z GET /api/workdays/current 304
2026-09-05T05:24:56.634Z GET /api/sync/pull?since=2026-09-05T05%3A23%3A57.774Z 200
2026-09-05T05:24:57.143Z GET /api/clients 304
2026-09-05T05:24:57.194Z GET /api/catalog/products 304
2026-09-05T05:25:56.289Z GET /api/workdays/current 304
2026-09-05T05:25:56.906Z GET /api/sync/pull?since=2026-09-05T05%3A24%3A56.633Z 200
2026-09-05T05:25:57.418Z GET /api/clients 304
2026-09-05T05:25:57.473Z GET /api/catalog/products 304
2026-09-05T05:26:56.376Z GET /api/workdays/current 304
2026-09-05T05:26:56.780Z GET /api/sync/pull?since=2026-09-05T05%3A25%3A56.905Z 200
2026-09-05T05:26:57.246Z GET /api/clients 304
2026-09-05T05:26:57.321Z GET /api/catalog/products 304
2026-09-05T05:27:56.185Z GET /api/workdays/current 304
2026-09-05T05:27:56.565Z GET /api/sync/pull?since=2026-09-05T05%3A26%3A56.779Z 200
2026-09-05T05:27:57.101Z GET /api/catalog/products 304
2026-09-05T05:27:57.103Z GET /api/clients 304
2026-09-05T05:28:56.214Z GET /api/workdays/current 304
2026-09-05T05:28:56.591Z GET /api/sync/pull?since=2026-09-05T05%3A27%3A56.564Z 200
2026-09-05T05:28:57.064Z GET /api/clients 304
2026-09-05T05:28:57.144Z GET /api/catalog/products 304
2026-09-05T05:29:56.281Z GET /api/workdays/current 304
2026-09-05T05:29:56.723Z GET /api/sync/pull?since=2026-09-05T05%3A28%3A56.591Z 200
2026-09-05T05:29:57.189Z GET /api/clients 304
2026-09-05T05:29:57.224Z GET /api/catalog/products 304
2026-09-05T05:30:56.296Z GET /api/workdays/current 304
2026-09-05T05:30:56.696Z GET /api/sync/pull?since=2026-09-05T05%3A29%3A56.723Z 200
2026-09-05T05:30:57.256Z GET /api/catalog/products 304
2026-09-05T05:30:57.287Z GET /api/clients 304
2026-09-05T05:31:56.214Z GET /api/workdays/current 304
2026-09-05T05:31:56.670Z GET /api/sync/pull?since=2026-09-05T05%3A30%3A56.695Z 200
2026-09-05T05:31:57.138Z GET /api/clients 304
2026-09-05T05:31:57.223Z GET /api/catalog/products 304
2026-09-05T05:32:56.197Z GET /api/workdays/current 304
2026-09-05T05:32:56.561Z GET /api/sync/pull?since=2026-09-05T05%3A31%3A56.668Z 200
2026-09-05T05:32:57.101Z GET /api/catalog/products 304
2026-09-05T05:32:57.107Z GET /api/clients 304
2026-09-05T05:33:56.233Z GET /api/workdays/current 304
2026-09-05T05:33:56.631Z GET /api/sync/pull?since=2026-09-05T05%3A32%3A56.560Z 200
2026-09-05T05:33:57.097Z GET /api/clients 304
2026-09-05T05:33:57.190Z GET /api/catalog/products 304
